
R version 3.4.2 (2017-09-28) -- "Short Summer"
Copyright (C) 2017 The R Foundation for Statistical Computing
Platform: x86_64-apple-darwin15.6.0 (64-bit)

R is free software and comes with ABSOLUTELY NO WARRANTY.
You are welcome to redistribute it under certain conditions.
Type 'license()' or 'licence()' for distribution details.

  Natural language support but running in an English locale

R is a collaborative project with many contributors.
Type 'contributors()' for more information and
'citation()' on how to cite R or R packages in publications.

Type 'demo()' for some demos, 'help()' for on-line help, or
'help.start()' for an HTML browser interface to help.
Type 'q()' to quit R.

> convert.str.to.ped <- function(str.file){
+ 	str <- read.table(str.file,header=FALSE,stringsAsFactors=FALSE,row.names=1)
+ 	n.loci <- ncol(str)-1
+ 	n.haps <- nrow(str)
+ 	hap.IDs <- row.names(str)
+ 	pop.IDs <- as.numeric(unlist(lapply(lapply(strsplit(hap.IDs,"_"),"[[",2),function(x){strsplit(x,"\\.")[[1]][[1]]}))[seq(1,n.haps,by=2)])
+ 	mand.cols <- matrix(0,nrow=n.haps/2,ncol=6)
+ 	#family
+ 	mand.cols[,1] <- pop.IDs
+ 	#ind ID
+ 	mand.cols[,2] <- unlist(lapply(unique(pop.IDs),function(x){1:length(which(pop.IDs==x))}))
+ 	genos <- matrix(NA,nrow=n.haps/2,ncol=n.loci*2)
+ 	genos[,seq(1,n.loci*2,by=2)] <- as.matrix(str[seq(1,n.haps,by=2),2:ncol(str)])
+ 	genos[,seq(2,n.loci*2,by=2)] <- as.matrix(str[seq(2,n.haps,by=2),2:ncol(str)])
+ 	genos <- genos + 1
+ 	genos[which(genos < 0)] <- 0
+ 	ped <- cbind(mand.cols, genos)
+ 	return(ped)
+ }
> 
> make.map.file <- function(ped){
+ 	#recover()
+ 	n.snps <- (ncol(ped)-6)/2
+ 	map <- matrix(NA,nrow=n.snps,ncol=3)
+ 	#CHR
+ 	map[,1] <- rep(1,n.snps)
+ 	#RS
+ 	map[,2] <- paste0("rs",1:n.snps)
+ 	#BP
+ 	map[,3] <- seq(1,n.snps*1e3,length.out=n.snps)
+ 	return(map)
+ }
> 
> ped_bears <- convert.str.to.ped(str.file="~/Dropbox/conStruct/data/bears/fastStructure/bears.str")
> map_bears <- make.map.file(ped_bears)
> 	write.table(ped_bears,file="~/Dropbox/conStruct/data/bears/admixture/bears.ped",sep="\t",quote=FALSE,row.names=FALSE,col.names=FALSE)
> 	write.table(map_bears,file="~/Dropbox/conStruct/data/bears/admixture/bears.map",sep="\t",quote=FALSE,row.names=FALSE,col.names=FALSE)
> call <- "plink --noweb --file bears --make-bed --out bears --map3 --allow-no-sex"
> system(call)

@----------------------------------------------------------@
|        PLINK!       |     v1.07      |   10/Aug/2009     |
|----------------------------------------------------------|
|  (C) 2009 Shaun Purcell, GNU General Public License, v2  |
|----------------------------------------------------------|
|  For documentation, citation & bug-report instructions:  |
|        http://pngu.mgh.harvard.edu/purcell/plink/        |
@----------------------------------------------------------@

Skipping web check... [ --noweb ] 
Writing this text to log file [ bears.log ]
Analysis started: Mon Jan 15 10:45:08 2018

Options in effect:
	--noweb
	--file bears
	--make-bed
	--out bears
	--map3
	--allow-no-sex

21995 (of 21995) markers to be included from [ bears.map ]
Warning, found 78 individuals with ambiguous sex codes
Writing list of these individuals to [ bears.nosex ]
78 individuals read from [ bears.ped ] 
0 individuals with nonmissing phenotypes
Assuming a disease phenotype (1=unaff, 2=aff, 0=miss)
Missing phenotype value is also -9
0 cases, 0 controls and 78 missing
0 males, 0 females, and 78 of unspecified sex
Before frequency and genotyping pruning, there are 21995 SNPs
78 founders and 0 non-founders found
Total genotyping rate in remaining individuals is 0.982287
0 SNPs failed missingness test ( GENO > 1 )
0 SNPs failed frequency test ( MAF < 0 )
After frequency and genotyping pruning, there are 21995 SNPs
After filtering, 0 cases, 0 controls and 78 missing
After filtering, 0 males, 0 females, and 78 of unspecified sex
Writing pedigree information to [ bears.fam ] 
Writing map (extended format) information to [ bears.bim ] 
Writing genotype bitfile to [ bears.bed ] 
Using (default) SNP-major mode

Analysis finished: Mon Jan 15 10:45:09 2018

> file.remove("~/Dropbox/conStruct/data/bears/admixture/bears.ped")
[1] TRUE
> file.remove("~/Dropbox/conStruct/data/bears/admixture/bears.map")
[1] TRUE
> file.remove("~/Dropbox/conStruct/data/bears/admixture/bears.log")
[1] TRUE
> file.remove("~/Dropbox/conStruct/data/bears/admixture/bears.nosex")
[1] TRUE
> 
> proc.time()
   user  system elapsed 
  5.945   0.139   6.082 
